// Jest Snapshot v1, https://goo.gl/fbAQLP

exports[`testing snapshot testing.. 1`] = `"Get 10% discount on all drinks"`;
